[0.053s] DEBUG:colcon:Command line arguments: ['/usr/bin/colcon', 'build', '--symlink-install']
[0.053s] DEBUG:colcon:Parsed command line arguments: Namespace(log_base=None, log_level=None, verb_name='build', build_base='build', install_base='install', merge_install=False, symlink_install=True, test_result_base=None, continue_on_error=False, executor='parallel', parallel_workers=24, event_handlers=None, ignore_user_meta=False, metas=['./colcon.meta'], base_paths=['.'], packages_ignore=None, packages_ignore_regex=None, paths=None, packages_up_to=None, packages_up_to_regex=None, packages_above=None, packages_above_and_dependencies=None, packages_above_depth=None, packages_select_by_dep=None, packages_skip_by_dep=None, packages_skip_up_to=None, packages_select_build_failed=False, packages_skip_build_finished=False, packages_select_test_failures=False, packages_skip_test_passed=False, packages_select=None, packages_skip=None, packages_select_regex=None, packages_skip_regex=None, packages_start=None, packages_end=None, allow_overriding=[], cmake_args=None, cmake_target=None, cmake_target_skip_unavailable=False, cmake_clean_cache=False, cmake_clean_first=False, cmake_force_configure=False, ament_cmake_args=None, catkin_cmake_args=None, catkin_skip_building_tests=False, verb_parser=<colcon_defaults.argument_parser.defaults.DefaultArgumentsDecorator object at 0x7101ee723a90>, verb_extension=<colcon_core.verb.build.BuildVerb object at 0x7101ee723550>, main=<bound method BuildVerb.main of <colcon_core.verb.build.BuildVerb object at 0x7101ee723550>>)
[0.134s] Level 1:colcon.colcon_core.package_discovery:discover_packages(colcon_meta) check parameters
[0.134s] Level 1:colcon.colcon_core.package_discovery:discover_packages(recursive) check parameters
[0.134s] Level 1:colcon.colcon_core.package_discovery:discover_packages(ignore) check parameters
[0.134s] Level 1:colcon.colcon_core.package_discovery:discover_packages(path) check parameters
[0.134s] Level 1:colcon.colcon_core.package_discovery:discover_packages(colcon_meta) discover
[0.134s] Level 1:colcon.colcon_core.package_discovery:discover_packages(recursive) discover
[0.134s] INFO:colcon.colcon_core.package_discovery:Crawling recursively for packages in '/home/xun/桌面/ros2_ws/ros2_ws/ros2_ws/percep_node+track'
[0.134s] Level 1:colcon.colcon_core.package_identification:_identify(.) by extensions ['ignore', 'ignore_ament_install']
[0.134s] Level 1:colcon.colcon_core.package_identification:_identify(.) by extension 'ignore'
[0.134s] Level 1:colcon.colcon_core.package_identification:_identify(.) by extension 'ignore_ament_install'
[0.134s] Level 1:colcon.colcon_core.package_identification:_identify(.) by extensions ['colcon_pkg']
[0.134s] Level 1:colcon.colcon_core.package_identification:_identify(.) by extension 'colcon_pkg'
[0.134s] Level 1:colcon.colcon_core.package_identification:_identify(.) by extensions ['colcon_meta']
[0.134s] Level 1:colcon.colcon_core.package_identification:_identify(.) by extension 'colcon_meta'
[0.134s] Level 1:colcon.colcon_core.package_identification:_identify(.) by extensions ['ros']
[0.134s] Level 1:colcon.colcon_core.package_identification:_identify(.) by extension 'ros'
[0.141s] Level 1:colcon.colcon_core.package_identification:_identify(.) by extensions ['cmake', 'python']
[0.141s] Level 1:colcon.colcon_core.package_identification:_identify(.) by extension 'cmake'
[0.141s] Level 1:colcon.colcon_core.package_identification:_identify(.) by extension 'python'
[0.141s] Level 1:colcon.colcon_core.package_identification:_identify(.) by extensions ['python_setup_py']
[0.141s] Level 1:colcon.colcon_core.package_identification:_identify(.) by extension 'python_setup_py'
[0.141s] Level 1:colcon.colcon_core.package_identification:_identify(build) by extensions ['ignore', 'ignore_ament_install']
[0.141s] Level 1:colcon.colcon_core.package_identification:_identify(build) by extension 'ignore'
[0.141s] Level 1:colcon.colcon_core.package_identification:_identify(build) ignored
[0.141s] Level 1:colcon.colcon_core.package_identification:_identify(config) by extensions ['ignore', 'ignore_ament_install']
[0.141s] Level 1:colcon.colcon_core.package_identification:_identify(config) by extension 'ignore'
[0.141s] Level 1:colcon.colcon_core.package_identification:_identify(config) by extension 'ignore_ament_install'
[0.141s] Level 1:colcon.colcon_core.package_identification:_identify(config) by extensions ['colcon_pkg']
[0.141s] Level 1:colcon.colcon_core.package_identification:_identify(config) by extension 'colcon_pkg'
[0.141s] Level 1:colcon.colcon_core.package_identification:_identify(config) by extensions ['colcon_meta']
[0.141s] Level 1:colcon.colcon_core.package_identification:_identify(config) by extension 'colcon_meta'
[0.141s] Level 1:colcon.colcon_core.package_identification:_identify(config) by extensions ['ros']
[0.141s] Level 1:colcon.colcon_core.package_identification:_identify(config) by extension 'ros'
[0.141s] Level 1:colcon.colcon_core.package_identification:_identify(config) by extensions ['cmake', 'python']
[0.141s] Level 1:colcon.colcon_core.package_identification:_identify(config) by extension 'cmake'
[0.141s] Level 1:colcon.colcon_core.package_identification:_identify(config) by extension 'python'
[0.141s] Level 1:colcon.colcon_core.package_identification:_identify(config) by extensions ['python_setup_py']
[0.141s] Level 1:colcon.colcon_core.package_identification:_identify(config) by extension 'python_setup_py'
[0.141s] Level 1:colcon.colcon_core.package_identification:_identify(install) by extensions ['ignore', 'ignore_ament_install']
[0.141s] Level 1:colcon.colcon_core.package_identification:_identify(install) by extension 'ignore'
[0.141s] Level 1:colcon.colcon_core.package_identification:_identify(install) ignored
[0.141s] Level 1:colcon.colcon_core.package_identification:_identify(log) by extensions ['ignore', 'ignore_ament_install']
[0.141s] Level 1:colcon.colcon_core.package_identification:_identify(log) by extension 'ignore'
[0.141s] Level 1:colcon.colcon_core.package_identification:_identify(log) ignored
[0.141s] Level 1:colcon.colcon_core.package_identification:_identify(src) by extensions ['ignore', 'ignore_ament_install']
[0.141s] Level 1:colcon.colcon_core.package_identification:_identify(src) by extension 'ignore'
[0.142s] Level 1:colcon.colcon_core.package_identification:_identify(src) by extension 'ignore_ament_install'
[0.142s] Level 1:colcon.colcon_core.package_identification:_identify(src) by extensions ['colcon_pkg']
[0.142s] Level 1:colcon.colcon_core.package_identification:_identify(src) by extension 'colcon_pkg'
[0.142s] Level 1:colcon.colcon_core.package_identification:_identify(src) by extensions ['colcon_meta']
[0.142s] Level 1:colcon.colcon_core.package_identification:_identify(src) by extension 'colcon_meta'
[0.142s] Level 1:colcon.colcon_core.package_identification:_identify(src) by extensions ['ros']
[0.142s] Level 1:colcon.colcon_core.package_identification:_identify(src) by extension 'ros'
[0.142s] Level 1:colcon.colcon_core.package_identification:_identify(src) by extensions ['cmake', 'python']
[0.142s] Level 1:colcon.colcon_core.package_identification:_identify(src) by extension 'cmake'
[0.142s] Level 1:colcon.colcon_core.package_identification:_identify(src) by extension 'python'
[0.142s] Level 1:colcon.colcon_core.package_identification:_identify(src) by extensions ['python_setup_py']
[0.142s] Level 1:colcon.colcon_core.package_identification:_identify(src) by extension 'python_setup_py'
[0.142s] Level 1:colcon.colcon_core.package_identification:_identify(src/build) by extensions ['ignore', 'ignore_ament_install']
[0.142s] Level 1:colcon.colcon_core.package_identification:_identify(src/build) by extension 'ignore'
[0.142s] Level 1:colcon.colcon_core.package_identification:_identify(src/build) ignored
[0.142s] Level 1:colcon.colcon_core.package_identification:_identify(src/car_sim) by extensions ['ignore', 'ignore_ament_install']
[0.142s] Level 1:colcon.colcon_core.package_identification:_identify(src/car_sim) by extension 'ignore'
[0.142s] Level 1:colcon.colcon_core.package_identification:_identify(src/car_sim) by extension 'ignore_ament_install'
[0.142s] Level 1:colcon.colcon_core.package_identification:_identify(src/car_sim) by extensions ['colcon_pkg']
[0.142s] Level 1:colcon.colcon_core.package_identification:_identify(src/car_sim) by extension 'colcon_pkg'
[0.142s] Level 1:colcon.colcon_core.package_identification:_identify(src/car_sim) by extensions ['colcon_meta']
[0.142s] Level 1:colcon.colcon_core.package_identification:_identify(src/car_sim) by extension 'colcon_meta'
[0.142s] Level 1:colcon.colcon_core.package_identification:_identify(src/car_sim) by extensions ['ros']
[0.142s] Level 1:colcon.colcon_core.package_identification:_identify(src/car_sim) by extension 'ros'
[0.144s] DEBUG:colcon.colcon_core.package_identification:Package 'src/car_sim' with type 'ros.ament_python' and name 'car_sim'
[0.144s] Level 1:colcon.colcon_core.package_identification:_identify(src/install) by extensions ['ignore', 'ignore_ament_install']
[0.144s] Level 1:colcon.colcon_core.package_identification:_identify(src/install) by extension 'ignore'
[0.144s] Level 1:colcon.colcon_core.package_identification:_identify(src/install) ignored
[0.144s] Level 1:colcon.colcon_core.package_identification:_identify(src/log) by extensions ['ignore', 'ignore_ament_install']
[0.144s] Level 1:colcon.colcon_core.package_identification:_identify(src/log) by extension 'ignore'
[0.144s] Level 1:colcon.colcon_core.package_identification:_identify(src/log) ignored
[0.144s] Level 1:colcon.colcon_core.package_identification:_identify(src/sim_perception) by extensions ['ignore', 'ignore_ament_install']
[0.144s] Level 1:colcon.colcon_core.package_identification:_identify(src/sim_perception) by extension 'ignore'
[0.144s] Level 1:colcon.colcon_core.package_identification:_identify(src/sim_perception) by extension 'ignore_ament_install'
[0.144s] Level 1:colcon.colcon_core.package_identification:_identify(src/sim_perception) by extensions ['colcon_pkg']
[0.144s] Level 1:colcon.colcon_core.package_identification:_identify(src/sim_perception) by extension 'colcon_pkg'
[0.144s] Level 1:colcon.colcon_core.package_identification:_identify(src/sim_perception) by extensions ['colcon_meta']
[0.144s] Level 1:colcon.colcon_core.package_identification:_identify(src/sim_perception) by extension 'colcon_meta'
[0.144s] Level 1:colcon.colcon_core.package_identification:_identify(src/sim_perception) by extensions ['ros']
[0.144s] Level 1:colcon.colcon_core.package_identification:_identify(src/sim_perception) by extension 'ros'
[0.145s] DEBUG:colcon.colcon_core.package_identification:Package 'src/sim_perception' with type 'ros.ament_python' and name 'sim_perception'
[0.145s] Level 1:colcon.colcon_core.package_identification:_identify(src/tracks) by extensions ['ignore', 'ignore_ament_install']
[0.145s] Level 1:colcon.colcon_core.package_identification:_identify(src/tracks) by extension 'ignore'
[0.145s] Level 1:colcon.colcon_core.package_identification:_identify(src/tracks) by extension 'ignore_ament_install'
[0.145s] Level 1:colcon.colcon_core.package_identification:_identify(src/tracks) by extensions ['colcon_pkg']
[0.145s] Level 1:colcon.colcon_core.package_identification:_identify(src/tracks) by extension 'colcon_pkg'
[0.145s] Level 1:colcon.colcon_core.package_identification:_identify(src/tracks) by extensions ['colcon_meta']
[0.145s] Level 1:colcon.colcon_core.package_identification:_identify(src/tracks) by extension 'colcon_meta'
[0.145s] Level 1:colcon.colcon_core.package_identification:_identify(src/tracks) by extensions ['ros']
[0.145s] Level 1:colcon.colcon_core.package_identification:_identify(src/tracks) by extension 'ros'
[0.145s] Level 1:colcon.colcon_core.package_identification:_identify(src/tracks) by extensions ['cmake', 'python']
[0.145s] Level 1:colcon.colcon_core.package_identification:_identify(src/tracks) by extension 'cmake'
[0.145s] Level 1:colcon.colcon_core.package_identification:_identify(src/tracks) by extension 'python'
[0.145s] Level 1:colcon.colcon_core.package_identification:_identify(src/tracks) by extensions ['python_setup_py']
[0.145s] Level 1:colcon.colcon_core.package_identification:_identify(src/tracks) by extension 'python_setup_py'
[0.145s] Level 1:colcon.colcon_core.package_identification:_identify(src/tracks/meshes) by extensions ['ignore', 'ignore_ament_install']
[0.145s] Level 1:colcon.colcon_core.package_identification:_identify(src/tracks/meshes) by extension 'ignore'
[0.145s] Level 1:colcon.colcon_core.package_identification:_identify(src/tracks/meshes) by extension 'ignore_ament_install'
[0.145s] Level 1:colcon.colcon_core.package_identification:_identify(src/tracks/meshes) by extensions ['colcon_pkg']
[0.145s] Level 1:colcon.colcon_core.package_identification:_identify(src/tracks/meshes) by extension 'colcon_pkg'
[0.145s] Level 1:colcon.colcon_core.package_identification:_identify(src/tracks/meshes) by extensions ['colcon_meta']
[0.145s] Level 1:colcon.colcon_core.package_identification:_identify(src/tracks/meshes) by extension 'colcon_meta'
[0.145s] Level 1:colcon.colcon_core.package_identification:_identify(src/tracks/meshes) by extensions ['ros']
[0.145s] Level 1:colcon.colcon_core.package_identification:_identify(src/tracks/meshes) by extension 'ros'
[0.145s] Level 1:colcon.colcon_core.package_identification:_identify(src/tracks/meshes) by extensions ['cmake', 'python']
[0.145s] Level 1:colcon.colcon_core.package_identification:_identify(src/tracks/meshes) by extension 'cmake'
[0.145s] Level 1:colcon.colcon_core.package_identification:_identify(src/tracks/meshes) by extension 'python'
[0.145s] Level 1:colcon.colcon_core.package_identification:_identify(src/tracks/meshes) by extensions ['python_setup_py']
[0.145s] Level 1:colcon.colcon_core.package_identification:_identify(src/tracks/meshes) by extension 'python_setup_py'
[0.146s] Level 1:colcon.colcon_core.package_identification:_identify(src/tracks/models) by extensions ['ignore', 'ignore_ament_install']
[0.146s] Level 1:colcon.colcon_core.package_identification:_identify(src/tracks/models) by extension 'ignore'
[0.146s] Level 1:colcon.colcon_core.package_identification:_identify(src/tracks/models) by extension 'ignore_ament_install'
[0.146s] Level 1:colcon.colcon_core.package_identification:_identify(src/tracks/models) by extensions ['colcon_pkg']
[0.146s] Level 1:colcon.colcon_core.package_identification:_identify(src/tracks/models) by extension 'colcon_pkg'
[0.146s] Level 1:colcon.colcon_core.package_identification:_identify(src/tracks/models) by extensions ['colcon_meta']
[0.146s] Level 1:colcon.colcon_core.package_identification:_identify(src/tracks/models) by extension 'colcon_meta'
[0.146s] Level 1:colcon.colcon_core.package_identification:_identify(src/tracks/models) by extensions ['ros']
[0.146s] Level 1:colcon.colcon_core.package_identification:_identify(src/tracks/models) by extension 'ros'
[0.146s] Level 1:colcon.colcon_core.package_identification:_identify(src/tracks/models) by extensions ['cmake', 'python']
[0.146s] Level 1:colcon.colcon_core.package_identification:_identify(src/tracks/models) by extension 'cmake'
[0.146s] Level 1:colcon.colcon_core.package_identification:_identify(src/tracks/models) by extension 'python'
[0.146s] Level 1:colcon.colcon_core.package_identification:_identify(src/tracks/models) by extensions ['python_setup_py']
[0.146s] Level 1:colcon.colcon_core.package_identification:_identify(src/tracks/models) by extension 'python_setup_py'
[0.146s] Level 1:colcon.colcon_core.package_identification:_identify(src/tracks/models/blue_cone) by extensions ['ignore', 'ignore_ament_install']
[0.146s] Level 1:colcon.colcon_core.package_identification:_identify(src/tracks/models/blue_cone) by extension 'ignore'
[0.146s] Level 1:colcon.colcon_core.package_identification:_identify(src/tracks/models/blue_cone) by extension 'ignore_ament_install'
[0.146s] Level 1:colcon.colcon_core.package_identification:_identify(src/tracks/models/blue_cone) by extensions ['colcon_pkg']
[0.146s] Level 1:colcon.colcon_core.package_identification:_identify(src/tracks/models/blue_cone) by extension 'colcon_pkg'
[0.146s] Level 1:colcon.colcon_core.package_identification:_identify(src/tracks/models/blue_cone) by extensions ['colcon_meta']
[0.146s] Level 1:colcon.colcon_core.package_identification:_identify(src/tracks/models/blue_cone) by extension 'colcon_meta'
[0.146s] Level 1:colcon.colcon_core.package_identification:_identify(src/tracks/models/blue_cone) by extensions ['ros']
[0.146s] Level 1:colcon.colcon_core.package_identification:_identify(src/tracks/models/blue_cone) by extension 'ros'
[0.146s] Level 1:colcon.colcon_core.package_identification:_identify(src/tracks/models/blue_cone) by extensions ['cmake', 'python']
[0.146s] Level 1:colcon.colcon_core.package_identification:_identify(src/tracks/models/blue_cone) by extension 'cmake'
[0.146s] Level 1:colcon.colcon_core.package_identification:_identify(src/tracks/models/blue_cone) by extension 'python'
[0.146s] Level 1:colcon.colcon_core.package_identification:_identify(src/tracks/models/blue_cone) by extensions ['python_setup_py']
[0.146s] Level 1:colcon.colcon_core.package_identification:_identify(src/tracks/models/blue_cone) by extension 'python_setup_py'
[0.146s] Level 1:colcon.colcon_core.package_identification:_identify(src/tracks/models/shixi) by extensions ['ignore', 'ignore_ament_install']
[0.146s] Level 1:colcon.colcon_core.package_identification:_identify(src/tracks/models/shixi) by extension 'ignore'
[0.146s] Level 1:colcon.colcon_core.package_identification:_identify(src/tracks/models/shixi) by extension 'ignore_ament_install'
[0.146s] Level 1:colcon.colcon_core.package_identification:_identify(src/tracks/models/shixi) by extensions ['colcon_pkg']
[0.146s] Level 1:colcon.colcon_core.package_identification:_identify(src/tracks/models/shixi) by extension 'colcon_pkg'
[0.146s] Level 1:colcon.colcon_core.package_identification:_identify(src/tracks/models/shixi) by extensions ['colcon_meta']
[0.146s] Level 1:colcon.colcon_core.package_identification:_identify(src/tracks/models/shixi) by extension 'colcon_meta'
[0.146s] Level 1:colcon.colcon_core.package_identification:_identify(src/tracks/models/shixi) by extensions ['ros']
[0.146s] Level 1:colcon.colcon_core.package_identification:_identify(src/tracks/models/shixi) by extension 'ros'
[0.146s] Level 1:colcon.colcon_core.package_identification:_identify(src/tracks/models/shixi) by extensions ['cmake', 'python']
[0.146s] Level 1:colcon.colcon_core.package_identification:_identify(src/tracks/models/shixi) by extension 'cmake'
[0.146s] Level 1:colcon.colcon_core.package_identification:_identify(src/tracks/models/shixi) by extension 'python'
[0.146s] Level 1:colcon.colcon_core.package_identification:_identify(src/tracks/models/shixi) by extensions ['python_setup_py']
[0.146s] Level 1:colcon.colcon_core.package_identification:_identify(src/tracks/models/shixi) by extension 'python_setup_py'
[0.146s] Level 1:colcon.colcon_core.package_identification:_identify(src/tracks/models/yellow_cone) by extensions ['ignore', 'ignore_ament_install']
[0.147s] Level 1:colcon.colcon_core.package_identification:_identify(src/tracks/models/yellow_cone) by extension 'ignore'
[0.147s] Level 1:colcon.colcon_core.package_identification:_identify(src/tracks/models/yellow_cone) by extension 'ignore_ament_install'
[0.147s] Level 1:colcon.colcon_core.package_identification:_identify(src/tracks/models/yellow_cone) by extensions ['colcon_pkg']
[0.147s] Level 1:colcon.colcon_core.package_identification:_identify(src/tracks/models/yellow_cone) by extension 'colcon_pkg'
[0.147s] Level 1:colcon.colcon_core.package_identification:_identify(src/tracks/models/yellow_cone) by extensions ['colcon_meta']
[0.147s] Level 1:colcon.colcon_core.package_identification:_identify(src/tracks/models/yellow_cone) by extension 'colcon_meta'
[0.147s] Level 1:colcon.colcon_core.package_identification:_identify(src/tracks/models/yellow_cone) by extensions ['ros']
[0.147s] Level 1:colcon.colcon_core.package_identification:_identify(src/tracks/models/yellow_cone) by extension 'ros'
[0.147s] Level 1:colcon.colcon_core.package_identification:_identify(src/tracks/models/yellow_cone) by extensions ['cmake', 'python']
[0.147s] Level 1:colcon.colcon_core.package_identification:_identify(src/tracks/models/yellow_cone) by extension 'cmake'
[0.147s] Level 1:colcon.colcon_core.package_identification:_identify(src/tracks/models/yellow_cone) by extension 'python'
[0.147s] Level 1:colcon.colcon_core.package_identification:_identify(src/tracks/models/yellow_cone) by extensions ['python_setup_py']
[0.147s] Level 1:colcon.colcon_core.package_identification:_identify(src/tracks/models/yellow_cone) by extension 'python_setup_py'
[0.147s] Level 1:colcon.colcon_core.package_discovery:discover_packages(recursive) using defaults
[0.147s] Level 1:colcon.colcon_core.package_discovery:discover_packages(ignore) discover
[0.147s] Level 1:colcon.colcon_core.package_discovery:discover_packages(ignore) using defaults
[0.147s] Level 1:colcon.colcon_core.package_discovery:discover_packages(path) discover
[0.147s] Level 1:colcon.colcon_core.package_discovery:discover_packages(path) using defaults
[0.158s] Level 1:colcon.colcon_core.package_discovery:discover_packages(prefix_path) check parameters
[0.158s] Level 1:colcon.colcon_core.package_discovery:discover_packages(prefix_path) discover
[0.159s] DEBUG:colcon.colcon_installed_package_information.package_discovery:Found 288 installed packages in /opt/ros/humble
[0.165s] Level 1:colcon.colcon_core.package_discovery:discover_packages(prefix_path) using defaults
[0.183s] Level 5:colcon.colcon_core.verb:set package 'car_sim' build argument 'cmake_args' from command line to 'None'
[0.183s] Level 5:colcon.colcon_core.verb:set package 'car_sim' build argument 'cmake_target' from command line to 'None'
[0.183s] Level 5:colcon.colcon_core.verb:set package 'car_sim' build argument 'cmake_target_skip_unavailable' from command line to 'False'
[0.183s] Level 5:colcon.colcon_core.verb:set package 'car_sim' build argument 'cmake_clean_cache' from command line to 'False'
[0.183s] Level 5:colcon.colcon_core.verb:set package 'car_sim' build argument 'cmake_clean_first' from command line to 'False'
[0.183s] Level 5:colcon.colcon_core.verb:set package 'car_sim' build argument 'cmake_force_configure' from command line to 'False'
[0.183s] Level 5:colcon.colcon_core.verb:set package 'car_sim' build argument 'ament_cmake_args' from command line to 'None'
[0.183s] Level 5:colcon.colcon_core.verb:set package 'car_sim' build argument 'catkin_cmake_args' from command line to 'None'
[0.183s] Level 5:colcon.colcon_core.verb:set package 'car_sim' build argument 'catkin_skip_building_tests' from command line to 'False'
[0.183s] DEBUG:colcon.colcon_core.verb:Building package 'car_sim' with the following arguments: {'ament_cmake_args': None, 'build_base': '/home/xun/桌面/ros2_ws/ros2_ws/ros2_ws/percep_node+track/build/car_sim', 'catkin_cmake_args': None, 'catkin_skip_building_tests': False, 'cmake_args': None, 'cmake_clean_cache': False, 'cmake_clean_first': False, 'cmake_force_configure': False, 'cmake_target': None, 'cmake_target_skip_unavailable': False, 'install_base': '/home/xun/桌面/ros2_ws/ros2_ws/ros2_ws/percep_node+track/install/car_sim', 'merge_install': False, 'path': '/home/xun/桌面/ros2_ws/ros2_ws/ros2_ws/percep_node+track/src/car_sim', 'symlink_install': True, 'test_result_base': None}
[0.183s] Level 5:colcon.colcon_core.verb:set package 'sim_perception' build argument 'cmake_args' from command line to 'None'
[0.183s] Level 5:colcon.colcon_core.verb:set package 'sim_perception' build argument 'cmake_target' from command line to 'None'
[0.183s] Level 5:colcon.colcon_core.verb:set package 'sim_perception' build argument 'cmake_target_skip_unavailable' from command line to 'False'
[0.183s] Level 5:colcon.colcon_core.verb:set package 'sim_perception' build argument 'cmake_clean_cache' from command line to 'False'
[0.183s] Level 5:colcon.colcon_core.verb:set package 'sim_perception' build argument 'cmake_clean_first' from command line to 'False'
[0.183s] Level 5:colcon.colcon_core.verb:set package 'sim_perception' build argument 'cmake_force_configure' from command line to 'False'
[0.183s] Level 5:colcon.colcon_core.verb:set package 'sim_perception' build argument 'ament_cmake_args' from command line to 'None'
[0.183s] Level 5:colcon.colcon_core.verb:set package 'sim_perception' build argument 'catkin_cmake_args' from command line to 'None'
[0.183s] Level 5:colcon.colcon_core.verb:set package 'sim_perception' build argument 'catkin_skip_building_tests' from command line to 'False'
[0.183s] DEBUG:colcon.colcon_core.verb:Building package 'sim_perception' with the following arguments: {'ament_cmake_args': None, 'build_base': '/home/xun/桌面/ros2_ws/ros2_ws/ros2_ws/percep_node+track/build/sim_perception', 'catkin_cmake_args': None, 'catkin_skip_building_tests': False, 'cmake_args': None, 'cmake_clean_cache': False, 'cmake_clean_first': False, 'cmake_force_configure': False, 'cmake_target': None, 'cmake_target_skip_unavailable': False, 'install_base': '/home/xun/桌面/ros2_ws/ros2_ws/ros2_ws/percep_node+track/install/sim_perception', 'merge_install': False, 'path': '/home/xun/桌面/ros2_ws/ros2_ws/ros2_ws/percep_node+track/src/sim_perception', 'symlink_install': True, 'test_result_base': None}
[0.184s] INFO:colcon.colcon_core.executor:Executing jobs using 'parallel' executor
[0.184s] DEBUG:colcon.colcon_parallel_executor.executor.parallel:run_until_complete
[0.184s] INFO:colcon.colcon_ros.task.ament_python.build:Building ROS package in '/home/xun/桌面/ros2_ws/ros2_ws/ros2_ws/percep_node+track/src/car_sim' with build type 'ament_python'
[0.185s] Level 1:colcon.colcon_core.shell:create_environment_hook('car_sim', 'ament_prefix_path')
[0.186s] INFO:colcon.colcon_core.plugin_system:Skipping extension 'colcon_core.shell.bat': Not used on non-Windows systems
[0.186s] INFO:colcon.colcon_core.shell:Creating environment hook '/home/xun/桌面/ros2_ws/ros2_ws/ros2_ws/percep_node+track/install/car_sim/share/car_sim/hook/ament_prefix_path.ps1'
[0.186s] INFO:colcon.colcon_core.shell:Creating environment descriptor '/home/xun/桌面/ros2_ws/ros2_ws/ros2_ws/percep_node+track/install/car_sim/share/car_sim/hook/ament_prefix_path.dsv'
[0.186s] INFO:colcon.colcon_core.shell:Creating environment hook '/home/xun/桌面/ros2_ws/ros2_ws/ros2_ws/percep_node+track/install/car_sim/share/car_sim/hook/ament_prefix_path.sh'
[0.187s] INFO:colcon.colcon_core.shell:Skip shell extension 'powershell' for command environment: Not usable outside of PowerShell
[0.187s] DEBUG:colcon.colcon_core.shell:Skip shell extension 'dsv' for command environment
[0.188s] INFO:colcon.colcon_ros.task.ament_python.build:Building ROS package in '/home/xun/桌面/ros2_ws/ros2_ws/ros2_ws/percep_node+track/src/sim_perception' with build type 'ament_python'
[0.188s] Level 1:colcon.colcon_core.shell:create_environment_hook('sim_perception', 'ament_prefix_path')
[0.188s] INFO:colcon.colcon_core.shell:Creating environment hook '/home/xun/桌面/ros2_ws/ros2_ws/ros2_ws/percep_node+track/install/sim_perception/share/sim_perception/hook/ament_prefix_path.ps1'
[0.188s] INFO:colcon.colcon_core.shell:Creating environment descriptor '/home/xun/桌面/ros2_ws/ros2_ws/ros2_ws/percep_node+track/install/sim_perception/share/sim_perception/hook/ament_prefix_path.dsv'
[0.189s] INFO:colcon.colcon_core.shell:Creating environment hook '/home/xun/桌面/ros2_ws/ros2_ws/ros2_ws/percep_node+track/install/sim_perception/share/sim_perception/hook/ament_prefix_path.sh'
[0.189s] INFO:colcon.colcon_core.shell:Skip shell extension 'powershell' for command environment: Not usable outside of PowerShell
[0.189s] DEBUG:colcon.colcon_core.shell:Skip shell extension 'dsv' for command environment
[0.315s] INFO:colcon.colcon_core.task.python.build:Building Python package in '/home/xun/桌面/ros2_ws/ros2_ws/ros2_ws/percep_node+track/src/car_sim'
[0.315s] INFO:colcon.colcon_core.shell:Skip shell extension 'powershell' for command environment: Not usable outside of PowerShell
[0.316s] DEBUG:colcon.colcon_core.shell:Skip shell extension 'dsv' for command environment
[0.446s] INFO:colcon.colcon_core.task.python.build:Building Python package in '/home/xun/桌面/ros2_ws/ros2_ws/ros2_ws/percep_node+track/src/sim_perception'
[0.447s] INFO:colcon.colcon_core.shell:Skip shell extension 'powershell' for command environment: Not usable outside of PowerShell
[0.447s] DEBUG:colcon.colcon_core.shell:Skip shell extension 'dsv' for command environment
[0.617s] DEBUG:colcon.colcon_core.event_handler.log_command:Invoking command in '/home/xun/桌面/ros2_ws/ros2_ws/ros2_ws/percep_node+track/build/car_sim': PYTHONPATH=/home/xun/桌面/ros2_ws/ros2_ws/ros2_ws/percep_node+track/build/car_sim/prefix_override:/usr/lib/python3/dist-packages/colcon_core/task/python/colcon_distutils_commands:/home/xun/桌面/ros2_ws/ros2_ws/ros2_ws/percep_node+track/install/car_sim/lib/python3.10/site-packages:${PYTHONPATH} /usr/bin/python3 -W ignore:setup.py install is deprecated -W ignore:easy_install command is deprecated setup.py develop --editable --build-directory /home/xun/桌面/ros2_ws/ros2_ws/ros2_ws/percep_node+track/build/car_sim/build --no-deps symlink_data
[0.621s] DEBUG:colcon.colcon_core.event_handler.log_command:Invoking command in '/home/xun/桌面/ros2_ws/ros2_ws/ros2_ws/percep_node+track/build/sim_perception': PYTHONPATH=/home/xun/桌面/ros2_ws/ros2_ws/ros2_ws/percep_node+track/build/sim_perception/prefix_override:/usr/lib/python3/dist-packages/colcon_core/task/python/colcon_distutils_commands:/home/xun/桌面/ros2_ws/ros2_ws/ros2_ws/percep_node+track/install/sim_perception/lib/python3.10/site-packages:${PYTHONPATH} /usr/bin/python3 -W ignore:setup.py install is deprecated -W ignore:easy_install command is deprecated setup.py develop --editable --build-directory /home/xun/桌面/ros2_ws/ros2_ws/ros2_ws/percep_node+track/build/sim_perception/build --no-deps symlink_data
[0.846s] Level 1:colcon.colcon_core.shell:create_environment_hook('car_sim', 'pythonpath_develop')
[0.846s] INFO:colcon.colcon_core.shell:Creating environment hook '/home/xun/桌面/ros2_ws/ros2_ws/ros2_ws/percep_node+track/build/car_sim/share/car_sim/hook/pythonpath_develop.ps1'
[0.846s] DEBUG:colcon.colcon_core.event_handler.log_command:Invoked command in '/home/xun/桌面/ros2_ws/ros2_ws/ros2_ws/percep_node+track/build/car_sim' returned '0': PYTHONPATH=/home/xun/桌面/ros2_ws/ros2_ws/ros2_ws/percep_node+track/build/car_sim/prefix_override:/usr/lib/python3/dist-packages/colcon_core/task/python/colcon_distutils_commands:/home/xun/桌面/ros2_ws/ros2_ws/ros2_ws/percep_node+track/install/car_sim/lib/python3.10/site-packages:${PYTHONPATH} /usr/bin/python3 -W ignore:setup.py install is deprecated -W ignore:easy_install command is deprecated setup.py develop --editable --build-directory /home/xun/桌面/ros2_ws/ros2_ws/ros2_ws/percep_node+track/build/car_sim/build --no-deps symlink_data
[0.847s] INFO:colcon.colcon_core.shell:Creating environment descriptor '/home/xun/桌面/ros2_ws/ros2_ws/ros2_ws/percep_node+track/build/car_sim/share/car_sim/hook/pythonpath_develop.dsv'
[0.847s] INFO:colcon.colcon_core.shell:Creating environment hook '/home/xun/桌面/ros2_ws/ros2_ws/ros2_ws/percep_node+track/build/car_sim/share/car_sim/hook/pythonpath_develop.sh'
[0.850s] Level 1:colcon.colcon_core.environment:checking '/home/xun/桌面/ros2_ws/ros2_ws/ros2_ws/percep_node+track/install/car_sim' for CMake module files
[0.850s] Level 1:colcon.colcon_core.environment:checking '/home/xun/桌面/ros2_ws/ros2_ws/ros2_ws/percep_node+track/install/car_sim' for CMake config files
[0.850s] Level 1:colcon.colcon_core.environment:checking '/home/xun/桌面/ros2_ws/ros2_ws/ros2_ws/percep_node+track/install/car_sim/lib'
[0.851s] Level 1:colcon.colcon_core.environment:checking '/home/xun/桌面/ros2_ws/ros2_ws/ros2_ws/percep_node+track/install/car_sim/bin'
[0.851s] Level 1:colcon.colcon_core.environment:checking '/home/xun/桌面/ros2_ws/ros2_ws/ros2_ws/percep_node+track/install/car_sim/lib/pkgconfig/car_sim.pc'
[0.851s] Level 1:colcon.colcon_core.environment:checking '/home/xun/桌面/ros2_ws/ros2_ws/ros2_ws/percep_node+track/install/car_sim/lib/python3.10/site-packages'
[0.851s] Level 1:colcon.colcon_core.shell:create_environment_hook('car_sim', 'pythonpath')
[0.851s] INFO:colcon.colcon_core.shell:Creating environment hook '/home/xun/桌面/ros2_ws/ros2_ws/ros2_ws/percep_node+track/install/car_sim/share/car_sim/hook/pythonpath.ps1'
[0.852s] INFO:colcon.colcon_core.shell:Creating environment descriptor '/home/xun/桌面/ros2_ws/ros2_ws/ros2_ws/percep_node+track/install/car_sim/share/car_sim/hook/pythonpath.dsv'
[0.852s] INFO:colcon.colcon_core.shell:Creating environment hook '/home/xun/桌面/ros2_ws/ros2_ws/ros2_ws/percep_node+track/install/car_sim/share/car_sim/hook/pythonpath.sh'
[0.852s] Level 1:colcon.colcon_core.environment:checking '/home/xun/桌面/ros2_ws/ros2_ws/ros2_ws/percep_node+track/install/car_sim/bin'
[0.853s] Level 1:colcon.colcon_core.environment:create_environment_scripts_only(car_sim)
[0.853s] INFO:colcon.colcon_core.shell:Creating package script '/home/xun/桌面/ros2_ws/ros2_ws/ros2_ws/percep_node+track/install/car_sim/share/car_sim/package.ps1'
[0.854s] INFO:colcon.colcon_core.shell:Creating package descriptor '/home/xun/桌面/ros2_ws/ros2_ws/ros2_ws/percep_node+track/install/car_sim/share/car_sim/package.dsv'
[0.855s] INFO:colcon.colcon_core.shell:Creating package script '/home/xun/桌面/ros2_ws/ros2_ws/ros2_ws/percep_node+track/install/car_sim/share/car_sim/package.sh'
[0.855s] INFO:colcon.colcon_core.shell:Creating package script '/home/xun/桌面/ros2_ws/ros2_ws/ros2_ws/percep_node+track/install/car_sim/share/car_sim/package.bash'
[0.855s] INFO:colcon.colcon_core.shell:Creating package script '/home/xun/桌面/ros2_ws/ros2_ws/ros2_ws/percep_node+track/install/car_sim/share/car_sim/package.zsh'
[0.856s] Level 1:colcon.colcon_core.environment:create_file_with_runtime_dependencies(/home/xun/桌面/ros2_ws/ros2_ws/ros2_ws/percep_node+track/install/car_sim/share/colcon-core/packages/car_sim)
[0.857s] Level 1:colcon.colcon_core.shell:create_environment_hook('sim_perception', 'pythonpath_develop')
[0.857s] INFO:colcon.colcon_core.shell:Creating environment hook '/home/xun/桌面/ros2_ws/ros2_ws/ros2_ws/percep_node+track/build/sim_perception/share/sim_perception/hook/pythonpath_develop.ps1'
[0.857s] DEBUG:colcon.colcon_core.event_handler.log_command:Invoked command in '/home/xun/桌面/ros2_ws/ros2_ws/ros2_ws/percep_node+track/build/sim_perception' returned '0': PYTHONPATH=/home/xun/桌面/ros2_ws/ros2_ws/ros2_ws/percep_node+track/build/sim_perception/prefix_override:/usr/lib/python3/dist-packages/colcon_core/task/python/colcon_distutils_commands:/home/xun/桌面/ros2_ws/ros2_ws/ros2_ws/percep_node+track/install/sim_perception/lib/python3.10/site-packages:${PYTHONPATH} /usr/bin/python3 -W ignore:setup.py install is deprecated -W ignore:easy_install command is deprecated setup.py develop --editable --build-directory /home/xun/桌面/ros2_ws/ros2_ws/ros2_ws/percep_node+track/build/sim_perception/build --no-deps symlink_data
[0.858s] INFO:colcon.colcon_core.shell:Creating environment descriptor '/home/xun/桌面/ros2_ws/ros2_ws/ros2_ws/percep_node+track/build/sim_perception/share/sim_perception/hook/pythonpath_develop.dsv'
[0.858s] INFO:colcon.colcon_core.shell:Creating environment hook '/home/xun/桌面/ros2_ws/ros2_ws/ros2_ws/percep_node+track/build/sim_perception/share/sim_perception/hook/pythonpath_develop.sh'
[0.858s] Level 1:colcon.colcon_core.environment:checking '/home/xun/桌面/ros2_ws/ros2_ws/ros2_ws/percep_node+track/install/sim_perception' for CMake module files
[0.859s] Level 1:colcon.colcon_core.environment:checking '/home/xun/桌面/ros2_ws/ros2_ws/ros2_ws/percep_node+track/install/sim_perception' for CMake config files
[0.859s] Level 1:colcon.colcon_core.environment:checking '/home/xun/桌面/ros2_ws/ros2_ws/ros2_ws/percep_node+track/install/sim_perception/lib'
[0.859s] Level 1:colcon.colcon_core.environment:checking '/home/xun/桌面/ros2_ws/ros2_ws/ros2_ws/percep_node+track/install/sim_perception/bin'
[0.859s] Level 1:colcon.colcon_core.environment:checking '/home/xun/桌面/ros2_ws/ros2_ws/ros2_ws/percep_node+track/install/sim_perception/lib/pkgconfig/sim_perception.pc'
[0.859s] Level 1:colcon.colcon_core.environment:checking '/home/xun/桌面/ros2_ws/ros2_ws/ros2_ws/percep_node+track/install/sim_perception/lib/python3.10/site-packages'
[0.859s] Level 1:colcon.colcon_core.shell:create_environment_hook('sim_perception', 'pythonpath')
[0.859s] INFO:colcon.colcon_core.shell:Creating environment hook '/home/xun/桌面/ros2_ws/ros2_ws/ros2_ws/percep_node+track/install/sim_perception/share/sim_perception/hook/pythonpath.ps1'
[0.859s] INFO:colcon.colcon_core.shell:Creating environment descriptor '/home/xun/桌面/ros2_ws/ros2_ws/ros2_ws/percep_node+track/install/sim_perception/share/sim_perception/hook/pythonpath.dsv'
[0.860s] INFO:colcon.colcon_core.shell:Creating environment hook '/home/xun/桌面/ros2_ws/ros2_ws/ros2_ws/percep_node+track/install/sim_perception/share/sim_perception/hook/pythonpath.sh'
[0.860s] Level 1:colcon.colcon_core.environment:checking '/home/xun/桌面/ros2_ws/ros2_ws/ros2_ws/percep_node+track/install/sim_perception/bin'
[0.860s] Level 1:colcon.colcon_core.environment:create_environment_scripts_only(sim_perception)
[0.860s] INFO:colcon.colcon_core.shell:Creating package script '/home/xun/桌面/ros2_ws/ros2_ws/ros2_ws/percep_node+track/install/sim_perception/share/sim_perception/package.ps1'
[0.860s] INFO:colcon.colcon_core.shell:Creating package descriptor '/home/xun/桌面/ros2_ws/ros2_ws/ros2_ws/percep_node+track/install/sim_perception/share/sim_perception/package.dsv'
[0.861s] INFO:colcon.colcon_core.shell:Creating package script '/home/xun/桌面/ros2_ws/ros2_ws/ros2_ws/percep_node+track/install/sim_perception/share/sim_perception/package.sh'
[0.861s] INFO:colcon.colcon_core.shell:Creating package script '/home/xun/桌面/ros2_ws/ros2_ws/ros2_ws/percep_node+track/install/sim_perception/share/sim_perception/package.bash'
[0.861s] INFO:colcon.colcon_core.shell:Creating package script '/home/xun/桌面/ros2_ws/ros2_ws/ros2_ws/percep_node+track/install/sim_perception/share/sim_perception/package.zsh'
[0.861s] Level 1:colcon.colcon_core.environment:create_file_with_runtime_dependencies(/home/xun/桌面/ros2_ws/ros2_ws/ros2_ws/percep_node+track/install/sim_perception/share/colcon-core/packages/sim_perception)
[0.861s] DEBUG:colcon.colcon_parallel_executor.executor.parallel:closing loop
[0.862s] DEBUG:colcon.colcon_parallel_executor.executor.parallel:loop closed
[0.862s] DEBUG:colcon.colcon_parallel_executor.executor.parallel:run_until_complete finished with '0'
[0.862s] DEBUG:colcon.colcon_core.event_reactor:joining thread
[0.865s] INFO:colcon.colcon_core.plugin_system:Skipping extension 'colcon_notification.desktop_notification.terminal_notifier': Not used on non-Darwin systems
[0.865s] INFO:colcon.colcon_core.plugin_system:Skipping extension 'colcon_notification.desktop_notification.win32': Not used on non-Windows systems
[0.865s] INFO:colcon.colcon_notification.desktop_notification:Sending desktop notification using 'notify2'
[0.871s] DEBUG:colcon.colcon_core.event_reactor:joined thread
[0.872s] INFO:colcon.colcon_core.shell:Creating prefix script '/home/xun/桌面/ros2_ws/ros2_ws/ros2_ws/percep_node+track/install/local_setup.ps1'
[0.872s] INFO:colcon.colcon_core.shell:Creating prefix util module '/home/xun/桌面/ros2_ws/ros2_ws/ros2_ws/percep_node+track/install/_local_setup_util_ps1.py'
[0.873s] INFO:colcon.colcon_core.shell:Creating prefix chain script '/home/xun/桌面/ros2_ws/ros2_ws/ros2_ws/percep_node+track/install/setup.ps1'
[0.874s] INFO:colcon.colcon_core.shell:Creating prefix script '/home/xun/桌面/ros2_ws/ros2_ws/ros2_ws/percep_node+track/install/local_setup.sh'
[0.874s] INFO:colcon.colcon_core.shell:Creating prefix util module '/home/xun/桌面/ros2_ws/ros2_ws/ros2_ws/percep_node+track/install/_local_setup_util_sh.py'
[0.874s] INFO:colcon.colcon_core.shell:Creating prefix chain script '/home/xun/桌面/ros2_ws/ros2_ws/ros2_ws/percep_node+track/install/setup.sh'
[0.875s] INFO:colcon.colcon_core.shell:Creating prefix script '/home/xun/桌面/ros2_ws/ros2_ws/ros2_ws/percep_node+track/install/local_setup.bash'
[0.875s] INFO:colcon.colcon_core.shell:Creating prefix chain script '/home/xun/桌面/ros2_ws/ros2_ws/ros2_ws/percep_node+track/install/setup.bash'
[0.875s] INFO:colcon.colcon_core.shell:Creating prefix script '/home/xun/桌面/ros2_ws/ros2_ws/ros2_ws/percep_node+track/install/local_setup.zsh'
[0.876s] INFO:colcon.colcon_core.shell:Creating prefix chain script '/home/xun/桌面/ros2_ws/ros2_ws/ros2_ws/percep_node+track/install/setup.zsh'
