running develop
running egg_info
creating car_sim.egg-info
writing car_sim.egg-info/PKG-INFO
writing dependency_links to car_sim.egg-info/dependency_links.txt
writing entry points to car_sim.egg-info/entry_points.txt
writing requirements to car_sim.egg-info/requires.txt
writing top-level names to car_sim.egg-info/top_level.txt
writing manifest file 'car_sim.egg-info/SOURCES.txt'
reading manifest file 'car_sim.egg-info/SOURCES.txt'
writing manifest file 'car_sim.egg-info/SOURCES.txt'
running build_ext
Creating /home/xun/桌面/ros2_ws/ros2_ws/ros2_ws/percep_node+track/install/car_sim/lib/python3.10/site-packages/car-sim.egg-link (link to .)

Installed /home/xun/桌面/ros2_ws/ros2_ws/ros2_ws/percep_node+track/build/car_sim
running symlink_data
creating /home/xun/桌面/ros2_ws/ros2_ws/ros2_ws/percep_node+track/install/car_sim/share/ament_index
creating /home/xun/桌面/ros2_ws/ros2_ws/ros2_ws/percep_node+track/install/car_sim/share/ament_index/resource_index
creating /home/xun/桌面/ros2_ws/ros2_ws/ros2_ws/percep_node+track/install/car_sim/share/ament_index/resource_index/packages
symbolically linking /home/xun/桌面/ros2_ws/ros2_ws/ros2_ws/percep_node+track/build/car_sim/resource/car_sim -> /home/xun/桌面/ros2_ws/ros2_ws/ros2_ws/percep_node+track/install/car_sim/share/ament_index/resource_index/packages
symbolically linking /home/xun/桌面/ros2_ws/ros2_ws/ros2_ws/percep_node+track/build/car_sim/package.xml -> /home/xun/桌面/ros2_ws/ros2_ws/ros2_ws/percep_node+track/install/car_sim/share/car_sim
creating /home/xun/桌面/ros2_ws/ros2_ws/ros2_ws/percep_node+track/install/car_sim/share/car_sim/launch
symbolically linking /home/xun/桌面/ros2_ws/ros2_ws/ros2_ws/percep_node+track/build/car_sim/launch/sim_bringup.launch.py -> /home/xun/桌面/ros2_ws/ros2_ws/ros2_ws/percep_node+track/install/car_sim/share/car_sim/launch
symbolically linking /home/xun/桌面/ros2_ws/ros2_ws/ros2_ws/percep_node+track/build/car_sim/launch/car_sim_rviz.launch.py -> /home/xun/桌面/ros2_ws/ros2_ws/ros2_ws/percep_node+track/install/car_sim/share/car_sim/launch
creating /home/xun/桌面/ros2_ws/ros2_ws/ros2_ws/percep_node+track/install/car_sim/share/car_sim/urdf
symbolically linking /home/xun/桌面/ros2_ws/ros2_ws/ros2_ws/percep_node+track/build/car_sim/urdf/car_sim.xacro -> /home/xun/桌面/ros2_ws/ros2_ws/ros2_ws/percep_node+track/install/car_sim/share/car_sim/urdf
creating /home/xun/桌面/ros2_ws/ros2_ws/ros2_ws/percep_node+track/install/car_sim/share/car_sim/config
symbolically linking /home/xun/桌面/ros2_ws/ros2_ws/ros2_ws/percep_node+track/build/car_sim/config/car_sim.rviz -> /home/xun/桌面/ros2_ws/ros2_ws/ros2_ws/percep_node+track/install/car_sim/share/car_sim/config
symbolically linking /home/xun/桌面/ros2_ws/ros2_ws/ros2_ws/percep_node+track/build/car_sim/bridge.yaml -> /home/xun/桌面/ros2_ws/ros2_ws/ros2_ws/percep_node+track/install/car_sim/share/car_sim
