[0.047s] DEBUG:colcon:Command line arguments: ['/usr/bin/colcon', 'build', '--symlink-install', '--packages-select', 'car_sim', 'sim_perception']
[0.047s] DEBUG:colcon:Parsed command line arguments: Namespace(log_base=None, log_level=None, verb_name='build', build_base='build', install_base='install', merge_install=False, symlink_install=True, test_result_base=None, continue_on_error=False, executor='parallel', parallel_workers=24, event_handlers=None, ignore_user_meta=False, metas=['./colcon.meta'], base_paths=['.'], packages_ignore=None, packages_ignore_regex=None, paths=None, packages_up_to=None, packages_up_to_regex=None, packages_above=None, packages_above_and_dependencies=None, packages_above_depth=None, packages_select_by_dep=None, packages_skip_by_dep=None, packages_skip_up_to=None, packages_select_build_failed=False, packages_skip_build_finished=False, packages_select_test_failures=False, packages_skip_test_passed=False, packages_select=['car_sim', 'sim_perception'], packages_skip=None, packages_select_regex=None, packages_skip_regex=None, packages_start=None, packages_end=None, allow_overriding=[], cmake_args=None, cmake_target=None, cmake_target_skip_unavailable=False, cmake_clean_cache=False, cmake_clean_first=False, cmake_force_configure=False, ament_cmake_args=None, catkin_cmake_args=None, catkin_skip_building_tests=False, verb_parser=<colcon_defaults.argument_parser.defaults.DefaultArgumentsDecorator object at 0x71084ae23ac0>, verb_extension=<colcon_core.verb.build.BuildVerb object at 0x71084ae23580>, main=<bound method BuildVerb.main of <colcon_core.verb.build.BuildVerb object at 0x71084ae23580>>)
[0.116s] Level 1:colcon.colcon_core.package_discovery:discover_packages(colcon_meta) check parameters
[0.116s] Level 1:colcon.colcon_core.package_discovery:discover_packages(recursive) check parameters
[0.116s] Level 1:colcon.colcon_core.package_discovery:discover_packages(ignore) check parameters
[0.116s] Level 1:colcon.colcon_core.package_discovery:discover_packages(path) check parameters
[0.116s] Level 1:colcon.colcon_core.package_discovery:discover_packages(colcon_meta) discover
[0.116s] Level 1:colcon.colcon_core.package_discovery:discover_packages(recursive) discover
[0.116s] INFO:colcon.colcon_core.package_discovery:Crawling recursively for packages in '/home/xun/桌面/ros2_ws/ros2_ws/ros2_ws/percep_node+track'
[0.116s] Level 1:colcon.colcon_core.package_identification:_identify(.) by extensions ['ignore', 'ignore_ament_install']
[0.116s] Level 1:colcon.colcon_core.package_identification:_identify(.) by extension 'ignore'
[0.116s] Level 1:colcon.colcon_core.package_identification:_identify(.) by extension 'ignore_ament_install'
[0.116s] Level 1:colcon.colcon_core.package_identification:_identify(.) by extensions ['colcon_pkg']
[0.116s] Level 1:colcon.colcon_core.package_identification:_identify(.) by extension 'colcon_pkg'
[0.116s] Level 1:colcon.colcon_core.package_identification:_identify(.) by extensions ['colcon_meta']
[0.116s] Level 1:colcon.colcon_core.package_identification:_identify(.) by extension 'colcon_meta'
[0.116s] Level 1:colcon.colcon_core.package_identification:_identify(.) by extensions ['ros']
[0.116s] Level 1:colcon.colcon_core.package_identification:_identify(.) by extension 'ros'
[0.122s] Level 1:colcon.colcon_core.package_identification:_identify(.) by extensions ['cmake', 'python']
[0.122s] Level 1:colcon.colcon_core.package_identification:_identify(.) by extension 'cmake'
[0.122s] Level 1:colcon.colcon_core.package_identification:_identify(.) by extension 'python'
[0.122s] Level 1:colcon.colcon_core.package_identification:_identify(.) by extensions ['python_setup_py']
[0.122s] Level 1:colcon.colcon_core.package_identification:_identify(.) by extension 'python_setup_py'
[0.122s] Level 1:colcon.colcon_core.package_identification:_identify(build) by extensions ['ignore', 'ignore_ament_install']
[0.122s] Level 1:colcon.colcon_core.package_identification:_identify(build) by extension 'ignore'
[0.122s] Level 1:colcon.colcon_core.package_identification:_identify(build) ignored
[0.122s] Level 1:colcon.colcon_core.package_identification:_identify(config) by extensions ['ignore', 'ignore_ament_install']
[0.122s] Level 1:colcon.colcon_core.package_identification:_identify(config) by extension 'ignore'
[0.122s] Level 1:colcon.colcon_core.package_identification:_identify(config) by extension 'ignore_ament_install'
[0.122s] Level 1:colcon.colcon_core.package_identification:_identify(config) by extensions ['colcon_pkg']
[0.122s] Level 1:colcon.colcon_core.package_identification:_identify(config) by extension 'colcon_pkg'
[0.122s] Level 1:colcon.colcon_core.package_identification:_identify(config) by extensions ['colcon_meta']
[0.122s] Level 1:colcon.colcon_core.package_identification:_identify(config) by extension 'colcon_meta'
[0.122s] Level 1:colcon.colcon_core.package_identification:_identify(config) by extensions ['ros']
[0.122s] Level 1:colcon.colcon_core.package_identification:_identify(config) by extension 'ros'
[0.122s] Level 1:colcon.colcon_core.package_identification:_identify(config) by extensions ['cmake', 'python']
[0.122s] Level 1:colcon.colcon_core.package_identification:_identify(config) by extension 'cmake'
[0.122s] Level 1:colcon.colcon_core.package_identification:_identify(config) by extension 'python'
[0.122s] Level 1:colcon.colcon_core.package_identification:_identify(config) by extensions ['python_setup_py']
[0.122s] Level 1:colcon.colcon_core.package_identification:_identify(config) by extension 'python_setup_py'
[0.122s] Level 1:colcon.colcon_core.package_identification:_identify(install) by extensions ['ignore', 'ignore_ament_install']
[0.122s] Level 1:colcon.colcon_core.package_identification:_identify(install) by extension 'ignore'
[0.122s] Level 1:colcon.colcon_core.package_identification:_identify(install) ignored
[0.122s] Level 1:colcon.colcon_core.package_identification:_identify(log) by extensions ['ignore', 'ignore_ament_install']
[0.122s] Level 1:colcon.colcon_core.package_identification:_identify(log) by extension 'ignore'
[0.122s] Level 1:colcon.colcon_core.package_identification:_identify(log) ignored
[0.123s] Level 1:colcon.colcon_core.package_identification:_identify(sim_perception) by extensions ['ignore', 'ignore_ament_install']
[0.123s] Level 1:colcon.colcon_core.package_identification:_identify(sim_perception) by extension 'ignore'
[0.123s] Level 1:colcon.colcon_core.package_identification:_identify(sim_perception) by extension 'ignore_ament_install'
[0.123s] Level 1:colcon.colcon_core.package_identification:_identify(sim_perception) by extensions ['colcon_pkg']
[0.123s] Level 1:colcon.colcon_core.package_identification:_identify(sim_perception) by extension 'colcon_pkg'
[0.123s] Level 1:colcon.colcon_core.package_identification:_identify(sim_perception) by extensions ['colcon_meta']
[0.123s] Level 1:colcon.colcon_core.package_identification:_identify(sim_perception) by extension 'colcon_meta'
[0.123s] Level 1:colcon.colcon_core.package_identification:_identify(sim_perception) by extensions ['ros']
[0.123s] Level 1:colcon.colcon_core.package_identification:_identify(sim_perception) by extension 'ros'
[0.124s] DEBUG:colcon.colcon_core.package_identification:Package 'sim_perception' with type 'ros.ament_python' and name 'sim_perception'
[0.124s] Level 1:colcon.colcon_core.package_identification:_identify(src) by extensions ['ignore', 'ignore_ament_install']
[0.124s] Level 1:colcon.colcon_core.package_identification:_identify(src) by extension 'ignore'
[0.124s] Level 1:colcon.colcon_core.package_identification:_identify(src) by extension 'ignore_ament_install'
[0.124s] Level 1:colcon.colcon_core.package_identification:_identify(src) by extensions ['colcon_pkg']
[0.124s] Level 1:colcon.colcon_core.package_identification:_identify(src) by extension 'colcon_pkg'
[0.124s] Level 1:colcon.colcon_core.package_identification:_identify(src) by extensions ['colcon_meta']
[0.124s] Level 1:colcon.colcon_core.package_identification:_identify(src) by extension 'colcon_meta'
[0.124s] Level 1:colcon.colcon_core.package_identification:_identify(src) by extensions ['ros']
[0.124s] Level 1:colcon.colcon_core.package_identification:_identify(src) by extension 'ros'
[0.124s] Level 1:colcon.colcon_core.package_identification:_identify(src) by extensions ['cmake', 'python']
[0.124s] Level 1:colcon.colcon_core.package_identification:_identify(src) by extension 'cmake'
[0.124s] Level 1:colcon.colcon_core.package_identification:_identify(src) by extension 'python'
[0.124s] Level 1:colcon.colcon_core.package_identification:_identify(src) by extensions ['python_setup_py']
[0.124s] Level 1:colcon.colcon_core.package_identification:_identify(src) by extension 'python_setup_py'
[0.124s] Level 1:colcon.colcon_core.package_identification:_identify(src/car_sim) by extensions ['ignore', 'ignore_ament_install']
[0.124s] Level 1:colcon.colcon_core.package_identification:_identify(src/car_sim) by extension 'ignore'
[0.125s] Level 1:colcon.colcon_core.package_identification:_identify(src/car_sim) by extension 'ignore_ament_install'
[0.125s] Level 1:colcon.colcon_core.package_identification:_identify(src/car_sim) by extensions ['colcon_pkg']
[0.125s] Level 1:colcon.colcon_core.package_identification:_identify(src/car_sim) by extension 'colcon_pkg'
[0.125s] Level 1:colcon.colcon_core.package_identification:_identify(src/car_sim) by extensions ['colcon_meta']
[0.125s] Level 1:colcon.colcon_core.package_identification:_identify(src/car_sim) by extension 'colcon_meta'
[0.125s] Level 1:colcon.colcon_core.package_identification:_identify(src/car_sim) by extensions ['ros']
[0.125s] Level 1:colcon.colcon_core.package_identification:_identify(src/car_sim) by extension 'ros'
[0.125s] DEBUG:colcon.colcon_core.package_identification:Package 'src/car_sim' with type 'ros.ament_python' and name 'car_sim'
[0.125s] Level 1:colcon.colcon_core.package_identification:_identify(src/sim_perception) by extensions ['ignore', 'ignore_ament_install']
[0.125s] Level 1:colcon.colcon_core.package_identification:_identify(src/sim_perception) by extension 'ignore'
[0.125s] Level 1:colcon.colcon_core.package_identification:_identify(src/sim_perception) by extension 'ignore_ament_install'
[0.125s] Level 1:colcon.colcon_core.package_identification:_identify(src/sim_perception) by extensions ['colcon_pkg']
[0.125s] Level 1:colcon.colcon_core.package_identification:_identify(src/sim_perception) by extension 'colcon_pkg'
[0.125s] Level 1:colcon.colcon_core.package_identification:_identify(src/sim_perception) by extensions ['colcon_meta']
[0.125s] Level 1:colcon.colcon_core.package_identification:_identify(src/sim_perception) by extension 'colcon_meta'
[0.125s] Level 1:colcon.colcon_core.package_identification:_identify(src/sim_perception) by extensions ['ros']
[0.125s] Level 1:colcon.colcon_core.package_identification:_identify(src/sim_perception) by extension 'ros'
[0.126s] DEBUG:colcon.colcon_core.package_identification:Package 'src/sim_perception' with type 'ros.ament_python' and name 'sim_perception'
[0.126s] Level 1:colcon.colcon_core.package_identification:_identify(src/tracks) by extensions ['ignore', 'ignore_ament_install']
[0.126s] Level 1:colcon.colcon_core.package_identification:_identify(src/tracks) by extension 'ignore'
[0.126s] Level 1:colcon.colcon_core.package_identification:_identify(src/tracks) by extension 'ignore_ament_install'
[0.126s] Level 1:colcon.colcon_core.package_identification:_identify(src/tracks) by extensions ['colcon_pkg']
[0.126s] Level 1:colcon.colcon_core.package_identification:_identify(src/tracks) by extension 'colcon_pkg'
[0.126s] Level 1:colcon.colcon_core.package_identification:_identify(src/tracks) by extensions ['colcon_meta']
[0.126s] Level 1:colcon.colcon_core.package_identification:_identify(src/tracks) by extension 'colcon_meta'
[0.126s] Level 1:colcon.colcon_core.package_identification:_identify(src/tracks) by extensions ['ros']
[0.126s] Level 1:colcon.colcon_core.package_identification:_identify(src/tracks) by extension 'ros'
[0.126s] Level 1:colcon.colcon_core.package_identification:_identify(src/tracks) by extensions ['cmake', 'python']
[0.126s] Level 1:colcon.colcon_core.package_identification:_identify(src/tracks) by extension 'cmake'
[0.126s] Level 1:colcon.colcon_core.package_identification:_identify(src/tracks) by extension 'python'
[0.126s] Level 1:colcon.colcon_core.package_identification:_identify(src/tracks) by extensions ['python_setup_py']
[0.126s] Level 1:colcon.colcon_core.package_identification:_identify(src/tracks) by extension 'python_setup_py'
[0.126s] Level 1:colcon.colcon_core.package_identification:_identify(src/tracks/meshes) by extensions ['ignore', 'ignore_ament_install']
[0.126s] Level 1:colcon.colcon_core.package_identification:_identify(src/tracks/meshes) by extension 'ignore'
[0.126s] Level 1:colcon.colcon_core.package_identification:_identify(src/tracks/meshes) by extension 'ignore_ament_install'
[0.126s] Level 1:colcon.colcon_core.package_identification:_identify(src/tracks/meshes) by extensions ['colcon_pkg']
[0.126s] Level 1:colcon.colcon_core.package_identification:_identify(src/tracks/meshes) by extension 'colcon_pkg'
[0.126s] Level 1:colcon.colcon_core.package_identification:_identify(src/tracks/meshes) by extensions ['colcon_meta']
[0.126s] Level 1:colcon.colcon_core.package_identification:_identify(src/tracks/meshes) by extension 'colcon_meta'
[0.126s] Level 1:colcon.colcon_core.package_identification:_identify(src/tracks/meshes) by extensions ['ros']
[0.126s] Level 1:colcon.colcon_core.package_identification:_identify(src/tracks/meshes) by extension 'ros'
[0.126s] Level 1:colcon.colcon_core.package_identification:_identify(src/tracks/meshes) by extensions ['cmake', 'python']
[0.126s] Level 1:colcon.colcon_core.package_identification:_identify(src/tracks/meshes) by extension 'cmake'
[0.126s] Level 1:colcon.colcon_core.package_identification:_identify(src/tracks/meshes) by extension 'python'
[0.126s] Level 1:colcon.colcon_core.package_identification:_identify(src/tracks/meshes) by extensions ['python_setup_py']
[0.126s] Level 1:colcon.colcon_core.package_identification:_identify(src/tracks/meshes) by extension 'python_setup_py'
[0.126s] Level 1:colcon.colcon_core.package_identification:_identify(src/tracks/models) by extensions ['ignore', 'ignore_ament_install']
[0.126s] Level 1:colcon.colcon_core.package_identification:_identify(src/tracks/models) by extension 'ignore'
[0.126s] Level 1:colcon.colcon_core.package_identification:_identify(src/tracks/models) by extension 'ignore_ament_install'
[0.126s] Level 1:colcon.colcon_core.package_identification:_identify(src/tracks/models) by extensions ['colcon_pkg']
[0.126s] Level 1:colcon.colcon_core.package_identification:_identify(src/tracks/models) by extension 'colcon_pkg'
[0.127s] Level 1:colcon.colcon_core.package_identification:_identify(src/tracks/models) by extensions ['colcon_meta']
[0.127s] Level 1:colcon.colcon_core.package_identification:_identify(src/tracks/models) by extension 'colcon_meta'
[0.127s] Level 1:colcon.colcon_core.package_identification:_identify(src/tracks/models) by extensions ['ros']
[0.127s] Level 1:colcon.colcon_core.package_identification:_identify(src/tracks/models) by extension 'ros'
[0.127s] Level 1:colcon.colcon_core.package_identification:_identify(src/tracks/models) by extensions ['cmake', 'python']
[0.127s] Level 1:colcon.colcon_core.package_identification:_identify(src/tracks/models) by extension 'cmake'
[0.127s] Level 1:colcon.colcon_core.package_identification:_identify(src/tracks/models) by extension 'python'
[0.127s] Level 1:colcon.colcon_core.package_identification:_identify(src/tracks/models) by extensions ['python_setup_py']
[0.127s] Level 1:colcon.colcon_core.package_identification:_identify(src/tracks/models) by extension 'python_setup_py'
[0.127s] Level 1:colcon.colcon_core.package_identification:_identify(src/tracks/models/blue_cone) by extensions ['ignore', 'ignore_ament_install']
[0.127s] Level 1:colcon.colcon_core.package_identification:_identify(src/tracks/models/blue_cone) by extension 'ignore'
[0.127s] Level 1:colcon.colcon_core.package_identification:_identify(src/tracks/models/blue_cone) by extension 'ignore_ament_install'
[0.127s] Level 1:colcon.colcon_core.package_identification:_identify(src/tracks/models/blue_cone) by extensions ['colcon_pkg']
[0.127s] Level 1:colcon.colcon_core.package_identification:_identify(src/tracks/models/blue_cone) by extension 'colcon_pkg'
[0.127s] Level 1:colcon.colcon_core.package_identification:_identify(src/tracks/models/blue_cone) by extensions ['colcon_meta']
[0.127s] Level 1:colcon.colcon_core.package_identification:_identify(src/tracks/models/blue_cone) by extension 'colcon_meta'
[0.127s] Level 1:colcon.colcon_core.package_identification:_identify(src/tracks/models/blue_cone) by extensions ['ros']
[0.127s] Level 1:colcon.colcon_core.package_identification:_identify(src/tracks/models/blue_cone) by extension 'ros'
[0.127s] Level 1:colcon.colcon_core.package_identification:_identify(src/tracks/models/blue_cone) by extensions ['cmake', 'python']
[0.127s] Level 1:colcon.colcon_core.package_identification:_identify(src/tracks/models/blue_cone) by extension 'cmake'
[0.127s] Level 1:colcon.colcon_core.package_identification:_identify(src/tracks/models/blue_cone) by extension 'python'
[0.127s] Level 1:colcon.colcon_core.package_identification:_identify(src/tracks/models/blue_cone) by extensions ['python_setup_py']
[0.127s] Level 1:colcon.colcon_core.package_identification:_identify(src/tracks/models/blue_cone) by extension 'python_setup_py'
[0.127s] Level 1:colcon.colcon_core.package_identification:_identify(src/tracks/models/shixi) by extensions ['ignore', 'ignore_ament_install']
[0.127s] Level 1:colcon.colcon_core.package_identification:_identify(src/tracks/models/shixi) by extension 'ignore'
[0.127s] Level 1:colcon.colcon_core.package_identification:_identify(src/tracks/models/shixi) by extension 'ignore_ament_install'
[0.127s] Level 1:colcon.colcon_core.package_identification:_identify(src/tracks/models/shixi) by extensions ['colcon_pkg']
[0.127s] Level 1:colcon.colcon_core.package_identification:_identify(src/tracks/models/shixi) by extension 'colcon_pkg'
[0.127s] Level 1:colcon.colcon_core.package_identification:_identify(src/tracks/models/shixi) by extensions ['colcon_meta']
[0.127s] Level 1:colcon.colcon_core.package_identification:_identify(src/tracks/models/shixi) by extension 'colcon_meta'
[0.127s] Level 1:colcon.colcon_core.package_identification:_identify(src/tracks/models/shixi) by extensions ['ros']
[0.127s] Level 1:colcon.colcon_core.package_identification:_identify(src/tracks/models/shixi) by extension 'ros'
[0.127s] Level 1:colcon.colcon_core.package_identification:_identify(src/tracks/models/shixi) by extensions ['cmake', 'python']
[0.127s] Level 1:colcon.colcon_core.package_identification:_identify(src/tracks/models/shixi) by extension 'cmake'
[0.127s] Level 1:colcon.colcon_core.package_identification:_identify(src/tracks/models/shixi) by extension 'python'
[0.127s] Level 1:colcon.colcon_core.package_identification:_identify(src/tracks/models/shixi) by extensions ['python_setup_py']
[0.127s] Level 1:colcon.colcon_core.package_identification:_identify(src/tracks/models/shixi) by extension 'python_setup_py'
[0.127s] Level 1:colcon.colcon_core.package_identification:_identify(src/tracks/models/yellow_cone) by extensions ['ignore', 'ignore_ament_install']
[0.127s] Level 1:colcon.colcon_core.package_identification:_identify(src/tracks/models/yellow_cone) by extension 'ignore'
[0.127s] Level 1:colcon.colcon_core.package_identification:_identify(src/tracks/models/yellow_cone) by extension 'ignore_ament_install'
[0.127s] Level 1:colcon.colcon_core.package_identification:_identify(src/tracks/models/yellow_cone) by extensions ['colcon_pkg']
[0.127s] Level 1:colcon.colcon_core.package_identification:_identify(src/tracks/models/yellow_cone) by extension 'colcon_pkg'
[0.127s] Level 1:colcon.colcon_core.package_identification:_identify(src/tracks/models/yellow_cone) by extensions ['colcon_meta']
[0.127s] Level 1:colcon.colcon_core.package_identification:_identify(src/tracks/models/yellow_cone) by extension 'colcon_meta'
[0.127s] Level 1:colcon.colcon_core.package_identification:_identify(src/tracks/models/yellow_cone) by extensions ['ros']
[0.127s] Level 1:colcon.colcon_core.package_identification:_identify(src/tracks/models/yellow_cone) by extension 'ros'
[0.127s] Level 1:colcon.colcon_core.package_identification:_identify(src/tracks/models/yellow_cone) by extensions ['cmake', 'python']
[0.127s] Level 1:colcon.colcon_core.package_identification:_identify(src/tracks/models/yellow_cone) by extension 'cmake'
[0.127s] Level 1:colcon.colcon_core.package_identification:_identify(src/tracks/models/yellow_cone) by extension 'python'
[0.127s] Level 1:colcon.colcon_core.package_identification:_identify(src/tracks/models/yellow_cone) by extensions ['python_setup_py']
[0.127s] Level 1:colcon.colcon_core.package_identification:_identify(src/tracks/models/yellow_cone) by extension 'python_setup_py'
[0.128s] Level 1:colcon.colcon_core.package_discovery:discover_packages(recursive) using defaults
[0.128s] Level 1:colcon.colcon_core.package_discovery:discover_packages(ignore) discover
[0.128s] Level 1:colcon.colcon_core.package_discovery:discover_packages(ignore) using defaults
[0.128s] Level 1:colcon.colcon_core.package_discovery:discover_packages(path) discover
[0.128s] Level 1:colcon.colcon_core.package_discovery:discover_packages(path) using defaults
[0.141s] Level 1:colcon.colcon_core.package_discovery:discover_packages(prefix_path) check parameters
[0.141s] Level 1:colcon.colcon_core.package_discovery:discover_packages(prefix_path) discover
[0.142s] DEBUG:colcon.colcon_installed_package_information.package_discovery:Found 288 installed packages in /opt/ros/humble
[0.143s] Level 1:colcon.colcon_core.package_discovery:discover_packages(prefix_path) using defaults
[0.159s] ERROR:colcon:colcon build: Duplicate package names not supported:
- sim_perception:
  - sim_perception
  - src/sim_perception
